// Vitest Snapshot v1, https://vitest.dev/guide/snapshot.html

exports[`Button > render default button 1`] = `
"<button class=\\"w-full text-white bg-blue-600 hover:bg-blue-700  focus:ring-2 focus:cursor-auto focus:outline-none focus:ring-blue-300 font-medium rounded-lg text-sm px-5 py-2.5 text-center flex justify-center undefined\\"><span>Login</span>
  <!--v-if-->
</button>"
`;
