// Vitest Snapshot v1, https://vitest.dev/guide/snapshot.html

exports[`TextField > renders label and input correctly 1`] = `
"<div class=\\"mb-8\\" type=\\"text\\"><label for=\\"name\\" class=\\"block mb-2 text-base font-semibold text-gray-600\\">Name</label><input type=\\"text\\" class=\\"border border-gray-600 sm:text-sm rounded-lg block w-full p-2.5 placeholder-gray-400 focus:outline-none focus:border-blue-500 focus:ring-1 focus:ring-blue-500\\">
  <!--v-if-->
</div>"
`;
